C:\projeler\fly_op\src\flyopt\sim\lif_vectorized.py:54: UserWarning: Sparse invariant checks are implicitly disabled. Memory errors (e.g. SEGFAULT) will occur when operating on a sparse tensor which violates the invariants, but checks incur performance overhead. To silence this warning, explicitly opt in or out. See `torch.sparse.check_sparse_tensor_invariants.__doc__` for guidance.  (Triggered internally at C:\actions-runner\_work\pytorch\pytorch\aten\src\ATen\Context.cpp:855.)
  coo = torch.sparse_coo_tensor(
C:\projeler\fly_op\src\flyopt\sim\lif_vectorized.py:54: UserWarning: Sparse invariant checks are implicitly disabled. Memory errors (e.g. SEGFAULT) will occur when operating on a sparse tensor which violates the invariants, but checks incur performance overhead. To silence this warning, explicitly opt in or out. See `torch.sparse.check_sparse_tensor_invariants.__doc__` for guidance.  (Triggered internally at C:\actions-runner\_work\pytorch\pytorch\aten\src\ATen\Context.cpp:855.)
  coo = torch.sparse_coo_tensor(
C:\projeler\fly_op\src\flyopt\sim\lif_vectorized.py:57: UserWarning: Sparse CSR tensor support is in beta state. If you miss a functionality in the sparse tensor support, please submit a feature request to https://github.com/pytorch/pytorch/issues. (Triggered internally at C:\actions-runner\_work\pytorch\pytorch\aten\src\ATen\SparseCsrTensorImpl.cpp:51.)
  self.weights = coo.to_sparse_csr()
C:\projeler\fly_op\src\flyopt\sim\lif_vectorized.py:57: UserWarning: Sparse CSR tensor support is in beta state. If you miss a functionality in the sparse tensor support, please submit a feature request to https://github.com/pytorch/pytorch/issues. (Triggered internally at C:\actions-runner\_work\pytorch\pytorch\aten\src\ATen\SparseCsrTensorImpl.cpp:51.)
  self.weights = coo.to_sparse_csr()
C:\projeler\fly_op\src\flyopt\sim\lif_vectorized.py:54: UserWarning: Sparse invariant checks are implicitly disabled. Memory errors (e.g. SEGFAULT) will occur when operating on a sparse tensor which violates the invariants, but checks incur performance overhead. To silence this warning, explicitly opt in or out. See `torch.sparse.check_sparse_tensor_invariants.__doc__` for guidance.  (Triggered internally at C:\actions-runner\_work\pytorch\pytorch\aten\src\ATen\Context.cpp:855.)
  coo = torch.sparse_coo_tensor(
C:\projeler\fly_op\src\flyopt\sim\lif_vectorized.py:54: UserWarning: Sparse invariant checks are implicitly disabled. Memory errors (e.g. SEGFAULT) will occur when operating on a sparse tensor which violates the invariants, but checks incur performance overhead. To silence this warning, explicitly opt in or out. See `torch.sparse.check_sparse_tensor_invariants.__doc__` for guidance.  (Triggered internally at C:\actions-runner\_work\pytorch\pytorch\aten\src\ATen\Context.cpp:855.)
  coo = torch.sparse_coo_tensor(
C:\projeler\fly_op\src\flyopt\sim\lif_vectorized.py:57: UserWarning: Sparse CSR tensor support is in beta state. If you miss a functionality in the sparse tensor support, please submit a feature request to https://github.com/pytorch/pytorch/issues. (Triggered internally at C:\actions-runner\_work\pytorch\pytorch\aten\src\ATen\SparseCsrTensorImpl.cpp:51.)
  self.weights = coo.to_sparse_csr()
C:\projeler\fly_op\src\flyopt\sim\lif_vectorized.py:57: UserWarning: Sparse CSR tensor support is in beta state. If you miss a functionality in the sparse tensor support, please submit a feature request to https://github.com/pytorch/pytorch/issues. (Triggered internally at C:\actions-runner\_work\pytorch\pytorch\aten\src\ATen\SparseCsrTensorImpl.cpp:51.)
  self.weights = coo.to_sparse_csr()
{
  "gate": {
    "test": "wilcoxon_signed_rank",
    "p_value": 0.6308719173229826,
    "effect_size": 0.0011111111111111111,
    "passes_falsification_gate": false,
    "flywire_mean": 159.54795393304005,
    "degree_preserving_null_mean": 158.0209913682442
  },
  "secondary": {
    "flywire_vs_er_null": {
      "p_value": 4.3289405000320485e-06,
      "effect_size": 0.6077777777777778,
      "holm_reject": true
    },
    "flywire_vs_weight_shuffle_null": {
      "p_value": 0.028181182907209452,
      "effect_size": 0.2411111111111111,
      "holm_reject": true
    }
  },
  "medians": {
    "flywire": 153.56184729407963,
    "degree_preserving_null": 157.26608130863855,
    "er_null": 123.74910544495012,
    "weight_shuffle_null": 143.92546186333252
  }
}

Wrote C:\projeler\fly_op\results\negative\20260914T220619_8fbea30778264203_seed0.json

GATE FAILED (degree_preserving_null vs flywire, PROTOCOL.md section 2)
